
Running 1 test using 1 worker

Navigating to Landing Page...
  Ô£ÿ  1 tests\v1_verification.spec.ts:3:1 ÔÇ║ Guest Experience Verification (5.7s)


  1) tests\v1_verification.spec.ts:3:1 ÔÇ║ Guest Experience Verification ÔöÇÔöÇÔöÇÔöÇÔöÇÔöÇÔöÇÔöÇÔöÇÔöÇÔöÇÔöÇÔöÇÔöÇÔöÇÔöÇÔöÇÔöÇÔöÇÔöÇÔöÇÔöÇÔöÇÔöÇÔöÇÔöÇÔöÇÔöÇÔöÇ

    Error: [2mexpect([22m[31mpage[39m[2m).[22mtoHaveTitle[2m([22m[32mexpected[39m[2m)[22m failed

    Expected pattern: [32m/Clearrship|MarketLive/i[39m
    Received string:  [31m"Clearship┬«"[39m
    Timeout: 5000ms

    Call log:
    [2m  - Expect "toHaveTitle" with timeout 5000ms[22m
    [2m    8 ├ù unexpected value "Clearship┬«"[22m


       5 |     console.log('Navigating to Landing Page...');
       6 |     await page.goto('http://localhost:5173/');
    >  7 |     await expect(page).toHaveTitle(/Clearrship|MarketLive/i);
         |                        ^
       8 |
       9 |     // Verify 3D Map (indirectly via canvas presence)
      10 |     const canvas = page.locator('canvas');
        at C:\Users\jason\Desktop\marketlive-clone\tests\v1_verification.spec.ts:7:24

    Error Context: test-results\tests-v1_verification-Guest-Experience-Verification\error-context.md

  1 failed
    tests\v1_verification.spec.ts:3:1 ÔÇ║ Guest Experience Verification ÔöÇÔöÇÔöÇÔöÇÔöÇÔöÇÔöÇÔöÇÔöÇÔöÇÔöÇÔöÇÔöÇÔöÇÔöÇÔöÇÔöÇÔöÇÔöÇÔöÇÔöÇÔöÇÔöÇÔöÇÔöÇÔöÇÔöÇÔöÇÔöÇÔöÇ
