src/pages/client/ClientQuotesPage.tsx(3,29): error TS2307: Cannot find module '@/components/ui/media-card-header' or its corresponding type declarations.
src/pages/client/ClientQuotesPage.tsx(4,23): error TS2307: Cannot find module '@/components/ui/data-table' or its corresponding type declarations.
src/pages/client/ClientQuotesPage.tsx(5,24): error TS2307: Cannot find module '@/components/ui/button' or its corresponding type declarations.
src/pages/client/ClientQuotesPage.tsx(6,20): error TS2307: Cannot find module '@/components/layout/Footer' or its corresponding type declarations.
src/pages/client/ClientQuotesPage.tsx(9,30): error TS2307: Cannot find module '@/components/forms/QuoteRequestForm' or its corresponding type declarations.
src/pages/client/ClientQuotesPage.tsx(10,32): error TS2307: Cannot find module '@/components/shipping/LiveRateComparison' or its corresponding type declarations.
src/pages/client/ClientQuotesPage.tsx(11,30): error TS2307: Cannot find module '@/components/shipping/QuoteResultsView' or its corresponding type declarations.
src/pages/client/ClientQuotesPage.tsx(12,34): error TS2307: Cannot find module '@/services/carriers' or its corresponding type declarations.
src/pages/client/ClientQuotesPage.tsx(22,8): error TS2307: Cannot find module '@/components/ui/drawer' or its corresponding type declarations.
src/pages/client/ClientQuotesPage.tsx(24,33): error TS2307: Cannot find module '@/components/shipping/PriceBreakdownTable' or its corresponding type declarations.
src/pages/client/ClientQuotesPage.tsx(86,8): error TS2307: Cannot find module '@/components/ui/dialog' or its corresponding type declarations.
src/pages/client/ClientQuotesPage.tsx(87,26): error TS2307: Cannot find module '@/components/ui/checkbox' or its corresponding type declarations.
src/pages/client/ClientQuotesPage.tsx(88,23): error TS2307: Cannot find module '@/components/ui/label' or its corresponding type declarations.
